[0922/054153.117:ERROR:settings.cc(325)] Settings version is not 1
[0922/065651.159:ERROR:settings.cc(325)] Settings version is not 1
[0922/092447.636:ERROR:settings.cc(325)] Settings version is not 1
[0922/111058.440:ERROR:settings.cc(325)] Settings version is not 1
[0922/112654.146:ERROR:settings.cc(325)] Settings version is not 1
[0922/113757.788:ERROR:settings.cc(325)] Settings version is not 1
[0922/124947.745:ERROR:settings.cc(325)] Settings version is not 1
[0922/125448.158:ERROR:settings.cc(325)] Settings version is not 1
[0922/132337.837:ERROR:settings.cc(325)] Settings version is not 1
[0922/133756.126:ERROR:settings.cc(325)] Settings version is not 1
[0922/140139.376:ERROR:settings.cc(325)] Settings version is not 1
[0922/151645.894:ERROR:settings.cc(325)] Settings version is not 1
[0922/153952.275:ERROR:settings.cc(325)] Settings version is not 1
[0922/160012.166:ERROR:settings.cc(325)] Settings version is not 1
[0922/161814.906:ERROR:settings.cc(325)] Settings version is not 1
[0922/164419.368:ERROR:settings.cc(325)] Settings version is not 1
[0922/174208.657:ERROR:settings.cc(325)] Settings version is not 1
[0922/183535.791:ERROR:settings.cc(325)] Settings version is not 1
[0922/190607.301:ERROR:settings.cc(325)] Settings version is not 1
[0922/191048.157:ERROR:settings.cc(325)] Settings version is not 1
[0922/193052.899:ERROR:settings.cc(325)] Settings version is not 1
[0925/135605.470:ERROR:settings.cc(325)] Settings version is not 1
[1108/144938.805:ERROR:settings.cc(325)] Settings version is not 1
[1108/151331.406:ERROR:settings.cc(325)] Settings version is not 1
[1108/152044.566:ERROR:settings.cc(325)] Settings version is not 1
[1108/154515.361:ERROR:settings.cc(325)] Settings version is not 1
[1108/155659.525:ERROR:settings.cc(325)] Settings version is not 1
[1108/201226.298:ERROR:settings.cc(325)] Settings version is not 1
[1108/202039.360:ERROR:settings.cc(325)] Settings version is not 1
[1109/014021.625:ERROR:settings.cc(325)] Settings version is not 1
[1109/060400.551:ERROR:settings.cc(325)] Settings version is not 1
[1109/120229.844:ERROR:settings.cc(325)] Settings version is not 1
[1109/123726.884:ERROR:settings.cc(325)] Settings version is not 1
[1109/130357.785:ERROR:settings.cc(325)] Settings version is not 1
[1109/130631.306:ERROR:settings.cc(325)] Settings version is not 1
[0316/014523.953:FATAL:sandbox_win.cc(853)] Check failed: 0u == result (0 vs. 31)
Backtrace:
	v8::internal::TorqueGeneratedExportedMacrosAssembler::StoreSortStateTempArray [0x00007FFD3A1F4F02+8163906]
	v8::internal::TorqueGeneratedExportedMacrosAssembler::StoreSortStateTempArray [0x00007FFD3A185CC2+7708674]
	v8::internal::TorqueGeneratedExportedMacrosAssembler::StoreSortStateTempArray [0x00007FFD3A193067+7762855]
	v8::internal::TorqueGeneratedExportedMacrosAssembler::StoreSortStateTempArray [0x00007FFD3A193D10+7766096]
	v8::internal::TorqueGeneratedExportedMacrosAssembler::StoreSortStateTempArray [0x00007FFD3A71FE99+13582809]
	v8::internal::TorqueGeneratedExportedMacrosAssembler::StoreSortStateTempArray [0x00007FFD3A71E3B4+13575924]
	v8::internal::TorqueGeneratedExportedMacrosAssembler::StoreSortStateTempArray [0x00007FFD3A0EDA93+7085523]
	v8::internal::TorqueGeneratedExportedMacrosAssembler::StoreSortStateTempArray [0x00007FFD3A11EFDF+7287583]
	v8::internal::TorqueGeneratedExportedMacrosAssembler::StoreSortStateTempArray [0x00007FFD3A0ED4C8+7084040]
	ChromeMain [0x00007FFD376711D7+319]
	Ordinal0 [0x00007FF665E62665+9829]
	Ordinal0 [0x00007FF665E61992+6546]
	GetHandleVerifier [0x00007FF665F8E992+825074]
	BaseThreadInitThunk [0x00007FFE2807E8D7+23]
	RtlUserThreadStart [0x00007FFE2912C48C+44]

